// Jest Snapshot v1, https://goo.gl/fbAQLP

exports[`Should match the snapshot 1`] = `
<div
  className="ant-card Task ant-card-bordered"
>
  <div
    className="ant-card-body"
    style={Object {}}
  >
    <div
      className="ant-row Task-header"
      style={Object {}}
    >
      <div
        className="Task-description"
      >
        Aliquam vel massa accumsan, accumsan ex eu, posuere nunc.
      </div>
      <div
        className="Task-time"
      >
        30 minutes
      </div>
    </div>
    <div
      className="ant-row Task-footer"
      style={Object {}}
    >
      <div
        className="ant-col ant-col-3 Task-complete"
        style={Object {}}
      >
        <i
          aria-label="icon: check-circle"
          className="anticon anticon-check-circle"
          style={
            Object {
              "height": 20,
              "width": 20,
            }
          }
        >
          <svg
            aria-hidden="true"
            className=""
            data-icon="check-circle"
            fill="currentColor"
            focusable="false"
            height="1em"
            viewBox="64 64 896 896"
            width="1em"
          >
            <path
              d="M512 64C264.6 64 64 264.6 64 512s200.6 448 448 448 448-200.6 448-448S759.4 64 512 64zm0 820c-205.4 0-372-166.6-372-372s166.6-372 372-372 372 166.6 372 372-166.6 372-372 372z"
              fill="#52c41a"
            />
            <path
              d="M512 140c-205.4 0-372 166.6-372 372s166.6 372 372 372 372-166.6 372-372-166.6-372-372-372zm193.4 225.7l-210.6 292a31.8 31.8 0 0 1-51.7 0L318.5 484.9c-3.8-5.3 0-12.7 6.5-12.7h46.9c10.3 0 19.9 5 25.9 13.3l71.2 98.8 157.2-218c6-8.4 15.7-13.3 25.9-13.3H699c6.5 0 10.3 7.4 6.4 12.7z"
              fill="#f6ffed"
            />
            <path
              d="M699 353h-46.9c-10.2 0-19.9 4.9-25.9 13.3L469 584.3l-71.2-98.8c-6-8.3-15.6-13.3-25.9-13.3H325c-6.5 0-10.3 7.4-6.5 12.7l124.6 172.8a31.8 31.8 0 0 0 51.7 0l210.6-292c3.9-5.3.1-12.7-6.4-12.7z"
              fill="#52c41a"
            />
          </svg>
        </i>
      </div>
      <div
        className="ant-col ant-col-21 Task-channel"
        style={Object {}}
      >
        <div>
          <span
            style={
              Object {
                "color": "blue",
              }
            }
          >
            # 
          </span>
          <span>
            important
          </span>
        </div>
      </div>
    </div>
  </div>
</div>
`;
